// Jest Snapshot v1, https://goo.gl/fbAQLP

exports[`<ShowHero /> should match snapshot 1`] = `
<div>
  <div
    class="ShowHero"
  >
    <div
      class="wrapper"
    >
      <div
        class="ShowHero__container"
      >
        <div
          class="ShowHero__imageContainer"
        >
          <div
            class="ShowHero__imageContainerInner"
          >
            <div
              class="ShowImage ShowHero__image"
              data-testid="show-image"
            >
              <div
                class="BaseRevealImage"
                data-testid="base-reveal-image"
              >
                <img
                  alt="Cover image for Under the Dome"
                  class="BaseRevealImage__image"
                  height="295"
                  loading="eager"
                  src="//static.tvmaze.com/uploads/images/medium_portrait/81/202627.jpg"
                  width="210"
                />
                <img
                  alt="Cover image for Under the Dome"
                  class="BaseRevealImage__filter"
                  height="295"
                  loading="eager"
                  src="//static.tvmaze.com/uploads/images/medium_portrait/81/202627.jpg"
                  width="210"
                />
              </div>
            </div>
          </div>
        </div>
        <div
          class="ShowHero__infoContainer"
        >
          <div
            class="StarRating ShowHero__rating StarRating--is-large"
            data-testid="rating"
          >
            <div
              class="StarRating__icons"
            >
              <svg
                class="Star StarRating__icon Star--is-active"
                data-testid="star"
                viewBox="0 0 14 12"
                xmlns="http://www.w3.org/2000/svg"
              >
                <path
                  clip-rule="evenodd"
                  d="M6.667 9.95L2.547 12l.786-4.342L0 4.584l4.607-.634L6.667 0l2.06 3.95 4.606.634L10 7.658 10.787 12l-4.12-2.05z"
                  fill-rule="evenodd"
                />
              </svg>
              <svg
                class="Star StarRating__icon Star--is-active"
                data-testid="star"
                viewBox="0 0 14 12"
                xmlns="http://www.w3.org/2000/svg"
              >
                <path
                  clip-rule="evenodd"
                  d="M6.667 9.95L2.547 12l.786-4.342L0 4.584l4.607-.634L6.667 0l2.06 3.95 4.606.634L10 7.658 10.787 12l-4.12-2.05z"
                  fill-rule="evenodd"
                />
              </svg>
              <svg
                class="Star StarRating__icon Star--is-active"
                data-testid="star"
                viewBox="0 0 14 12"
                xmlns="http://www.w3.org/2000/svg"
              >
                <path
                  clip-rule="evenodd"
                  d="M6.667 9.95L2.547 12l.786-4.342L0 4.584l4.607-.634L6.667 0l2.06 3.95 4.606.634L10 7.658 10.787 12l-4.12-2.05z"
                  fill-rule="evenodd"
                />
              </svg>
              <svg
                class="Star StarRating__icon"
                data-testid="star"
                viewBox="0 0 14 12"
                xmlns="http://www.w3.org/2000/svg"
              >
                <path
                  clip-rule="evenodd"
                  d="M6.667 9.95L2.547 12l.786-4.342L0 4.584l4.607-.634L6.667 0l2.06 3.95 4.606.634L10 7.658 10.787 12l-4.12-2.05z"
                  fill-rule="evenodd"
                />
              </svg>
              <svg
                class="Star StarRating__icon"
                data-testid="star"
                viewBox="0 0 14 12"
                xmlns="http://www.w3.org/2000/svg"
              >
                <path
                  clip-rule="evenodd"
                  d="M6.667 9.95L2.547 12l.786-4.342L0 4.584l4.607-.634L6.667 0l2.06 3.95 4.606.634L10 7.658 10.787 12l-4.12-2.05z"
                  fill-rule="evenodd"
                />
              </svg>
            </div>
            <span
              class="StarRating__text"
              data-testid="rating-text"
            >
              3.25/5
            </span>
          </div>
          <h1>
            Under the Dome
          </h1>
          <div
            class="ShowHero__descriptionContainer"
            style="max-height: 60px;"
          >
            <div
              class="ShowHero__description"
            >
              <p>
                <b>
                  Under the Dome
                </b>
                 is the story of a small town that is suddenly and inexplicably sealed off from the rest of the world by an enormous transparent dome. The town's inhabitants must deal with surviving the post-apocalyptic conditions while searching for answers about the dome, where it came from and if and when it will go away.
              </p>
            </div>
          </div>
          <button
            class="BaseButton ShowHero__toggle"
            type="button"
          >
            Read More
          </button>
        </div>
      </div>
    </div>
  </div>
</div>
`;
