// Jest Snapshot v1, https://goo.gl/fbAQLP

exports[`<BaseButton /> matches snapshot 1`] = `
<a
  href="/"
>
  Children
</a>
`;
