// Jest Snapshot v1, https://goo.gl/fbAQLP

exports[`<BaseButton /> matches snapshot 1`] = `
<button
  class="BaseButton"
  type="button"
>
  Text
</button>
`;
